  Determining projects to restore...
  Nothing to do. None of the projects specified contain packages to restore.
d:\LocalSkillExchange\LocalSkillExchange\Form1.vb(130,21): error BC30288: Local variable 'name' is already declared in the current block. [d:\LocalSkillExchange\LocalSkillExchange\LocalSkillExchange.vbproj]
d:\LocalSkillExchange\LocalSkillExchange\Form1.vb(131,21): error BC30288: Local variable 'area' is already declared in the current block. [d:\LocalSkillExchange\LocalSkillExchange\LocalSkillExchange.vbproj]

Build FAILED.

d:\LocalSkillExchange\LocalSkillExchange\Form1.vb(130,21): error BC30288: Local variable 'name' is already declared in the current block. [d:\LocalSkillExchange\LocalSkillExchange\LocalSkillExchange.vbproj]
d:\LocalSkillExchange\LocalSkillExchange\Form1.vb(131,21): error BC30288: Local variable 'area' is already declared in the current block. [d:\LocalSkillExchange\LocalSkillExchange\LocalSkillExchange.vbproj]
    0 Warning(s)
    2 Error(s)

Time Elapsed 00:00:00.82
